Modules list:
-------------
hello.o:
    CODE              Offs=000000  Size=000017  Align=00001  Fill=0000
    RODATA            Offs=000000  Size=000004  Align=00001  Fill=0000
text.o:
    CODE              Offs=000017  Size=00000D  Align=00001  Fill=0000
/home/pi/github/cc65/lib/apple2.lib(_directerrno.o):
    CODE              Offs=000024  Size=00000A  Align=00001  Fill=0000
/home/pi/github/cc65/lib/apple2.lib(_file.o):
    DATA              Offs=000000  Size=00001E  Align=00001  Fill=0000
/home/pi/github/cc65/lib/apple2.lib(_hextab.o):
    RODATA            Offs=000004  Size=000010  Align=00001  Fill=0000
/home/pi/github/cc65/lib/apple2.lib(_longminstr.o):
    RODATA            Offs=000014  Size=00000C  Align=00001  Fill=0000
/home/pi/github/cc65/lib/apple2.lib(_mappederrno.o):
    CODE              Offs=00002E  Size=000010  Align=00001  Fill=0000
/home/pi/github/cc65/lib/apple2.lib(_oserror.o):
    BSS               Offs=000000  Size=000001  Align=00001  Fill=0000
/home/pi/github/cc65/lib/apple2.lib(_printf.o):
    CODE              Offs=00003E  Size=0003A5  Align=00001  Fill=0000
    BSS               Offs=000001  Size=00002B  Align=00001  Fill=0000
    DATA              Offs=00001E  Size=000003  Align=00001  Fill=0000
/home/pi/github/cc65/lib/apple2.lib(_seterrno.o):
    CODE              Offs=0003E3  Size=000009  Align=00001  Fill=0000
/home/pi/github/cc65/lib/apple2.lib(addysp.o):
    CODE              Offs=0003EC  Size=00000E  Align=00001  Fill=0000
/home/pi/github/cc65/lib/apple2.lib(axlong.o):
    CODE              Offs=0003FA  Size=00000D  Align=00001  Fill=0000
/home/pi/github/cc65/lib/apple2.lib(callmain.o):
    CODE              Offs=000407  Size=000017  Align=00001  Fill=0000
    DATA              Offs=000021  Size=000004  Align=00001  Fill=0000
/home/pi/github/cc65/lib/apple2.lib(condes.o):
    CODE              Offs=00041E  Size=00000C  Align=00001  Fill=0000
    DATA              Offs=000025  Size=000025  Align=00001  Fill=0000
    ONCE              Offs=000000  Size=00000C  Align=00001  Fill=0000
/home/pi/github/cc65/lib/apple2.lib(cout.o):
    LOWCODE           Offs=000000  Size=00000A  Align=00001  Fill=0000
/home/pi/github/cc65/lib/apple2.lib(crt0.o):
    CODE              Offs=00042A  Size=000012  Align=00001  Fill=0000
    RODATA            Offs=000020  Size=000007  Align=00001  Fill=0000
    DATA              Offs=00004A  Size=000003  Align=00001  Fill=0000
    STARTUP           Offs=000000  Size=000034  Align=00001  Fill=0000
    ONCE              Offs=00000C  Size=00006A  Align=00001  Fill=0000
    INIT              Offs=000000  Size=00001D  Align=00001  Fill=0000
/home/pi/github/cc65/lib/apple2.lib(ctype.o):
    RODATA            Offs=000027  Size=00008B  Align=00001  Fill=0000
/home/pi/github/cc65/lib/apple2.lib(ctypemask.o):
    CODE              Offs=00043C  Size=00001E  Align=00001  Fill=0000
/home/pi/github/cc65/lib/apple2.lib(decsp4.o):
    CODE              Offs=00045A  Size=00000D  Align=00001  Fill=0000
/home/pi/github/cc65/lib/apple2.lib(decsp6.o):
    CODE              Offs=000467  Size=00000D  Align=00001  Fill=0000
/home/pi/github/cc65/lib/apple2.lib(dosdetect.o):
    DATA              Offs=00004D  Size=000001  Align=00001  Fill=0000
    ONCE              Offs=000076  Size=000014  Align=00001  Fill=0000
/home/pi/github/cc65/lib/apple2.lib(errno.o):
    BSS               Offs=00002C  Size=000002  Align=00001  Fill=0000
/home/pi/github/cc65/lib/apple2.lib(exehdr.o):
    EXEHDR            Offs=000000  Size=00003A  Align=00001  Fill=0000
/home/pi/github/cc65/lib/apple2.lib(filedes.o):
    CODE              Offs=000474  Size=000016  Align=00001  Fill=0000
    DATA              Offs=00004E  Size=000020  Align=00001  Fill=0000
/home/pi/github/cc65/lib/apple2.lib(fwrite.o):
    CODE              Offs=00048A  Size=00007B  Align=00001  Fill=0000
    BSS               Offs=00002E  Size=000002  Align=00001  Fill=0000
/home/pi/github/cc65/lib/apple2.lib(incsp2.o):
    CODE              Offs=000505  Size=000016  Align=00001  Fill=0000
/home/pi/github/cc65/lib/apple2.lib(incsp6.o):
    CODE              Offs=00051B  Size=000005  Align=00001  Fill=0000
/home/pi/github/cc65/lib/apple2.lib(ldaxsp.o):
    CODE              Offs=000520  Size=000009  Align=00001  Fill=0000
/home/pi/github/cc65/lib/apple2.lib(lneg.o):
    CODE              Offs=000529  Size=00001E  Align=00001  Fill=0000
/home/pi/github/cc65/lib/apple2.lib(lpush.o):
    CODE              Offs=000547  Size=000021  Align=00001  Fill=0000
/home/pi/github/cc65/lib/apple2.lib(ltoa.o):
    CODE              Offs=000568  Size=000095  Align=00001  Fill=0000
/home/pi/github/cc65/lib/apple2.lib(mli.o):
    BSS               Offs=000030  Size=000012  Align=00001  Fill=0000
    DATA              Offs=00006E  Size=000024  Align=00001  Fill=0000
/home/pi/github/cc65/lib/apple2.lib(mul.o):
    CODE              Offs=0005FD  Size=000045  Align=00001  Fill=0000
/home/pi/github/cc65/lib/apple2.lib(mul8.o):
    CODE              Offs=000642  Size=00003A  Align=00001  Fill=0000
/home/pi/github/cc65/lib/apple2.lib(oserror.o):
    CODE              Offs=00067C  Size=000016  Align=00001  Fill=0000
    RODATA            Offs=0000B2  Size=000032  Align=00001  Fill=0000
/home/pi/github/cc65/lib/apple2.lib(popptr1.o):
    CODE              Offs=000692  Size=00000E  Align=00001  Fill=0000
/home/pi/github/cc65/lib/apple2.lib(printf.o):
    CODE              Offs=0006A0  Size=000033  Align=00001  Fill=0000
    BSS               Offs=000042  Size=000001  Align=00001  Fill=0000
/home/pi/github/cc65/lib/apple2.lib(push1.o):
    CODE              Offs=0006D3  Size=000005  Align=00001  Fill=0000
/home/pi/github/cc65/lib/apple2.lib(pushax.o):
    CODE              Offs=0006D8  Size=00001A  Align=00001  Fill=0000
/home/pi/github/cc65/lib/apple2.lib(pushwsp.o):
    CODE              Offs=0006F2  Size=00001C  Align=00001  Fill=0000
/home/pi/github/cc65/lib/apple2.lib(rwcommon.o):
    CODE              Offs=00070E  Size=00003D  Align=00001  Fill=0000
/home/pi/github/cc65/lib/apple2.lib(strlen.o):
    CODE              Offs=00074B  Size=000016  Align=00001  Fill=0000
/home/pi/github/cc65/lib/apple2.lib(strlower.o):
    CODE              Offs=000761  Size=000027  Align=00001  Fill=0000
/home/pi/github/cc65/lib/apple2.lib(udiv.o):
    CODE              Offs=000788  Size=00004F  Align=00001  Fill=0000
/home/pi/github/cc65/lib/apple2.lib(vfprintf.o):
    CODE              Offs=0007D7  Size=000061  Align=00001  Fill=0000
    DATA              Offs=000092  Size=000008  Align=00001  Fill=0000
/home/pi/github/cc65/lib/apple2.lib(write.o):
    CODE              Offs=000838  Size=000070  Align=00001  Fill=0000
/home/pi/github/cc65/lib/apple2.lib(zerobss.o):
    CODE              Offs=0008A8  Size=000023  Align=00001  Fill=0000
/home/pi/github/cc65/lib/apple2.lib(zeropage.o):
    ZEROPAGE          Offs=000000  Size=00001A  Align=00001  Fill=0000


Segment list:
-------------
Name                   Start     End    Size  Align
----------------------------------------------------
ZEROPAGE              000080  000099  00001A  00001
EXEHDR                003FC6  003FFF  00003A  00001
STARTUP               004000  004033  000034  00001
LOWCODE               004034  00403D  00000A  00001
CODE                  00403E  004908  0008CB  00001
RODATA                004909  0049EC  0000E4  00001
DATA                  0049ED  004A86  00009A  00001
INIT                  004A87  004AA3  00001D  00001
BSS                   004AA4  004AE6  000043  00001
ONCE                  004AA4  004B2F  00008C  00001


Exports list by name:
---------------------
COUT                      004034 RLA    __BSS_RUN__               004AA4 RLA    
__BSS_SIZE__              000043 REA    __CONSTRUCTOR_COUNT__     000001 REA    
__CONSTRUCTOR_TABLE__     004B2E RLA    __DESTRUCTOR_COUNT__      000000 REA    
__DESTRUCTOR_TABLE__      0049ED RLA    __EXEHDR__                000001 REA    
__FILETYPE__              000006 REA    __HIMEM__                 009600 REA    
__LCADDR__                00D400 REA    __LCSIZE__                000C00 REA    
__LC_LAST__               00D400 RLA    __LC_START__              00D400 RLA    
__MAIN_LAST__             004B30 RLA    __MAIN_START__            004000 RLA    
__ONCE_LOAD__             004AA4 RLA    __ONCE_RUN__              004AA4 RLA    
__ONCE_SIZE__             00008C REA    __STACKSIZE__             000800 REA    
__STARTUP__               000001 REA    __ctype                   004930 RLA    
__ctypeidx                00493B RLA    __directerrno             004062 RLA    
__dos_type                004A3A RLA    __errno                   004AD0 RLA    
__hextab                  00490D RLA    __longminstr              00491D RLA    
__mappederrno             00406C RLA    __oserror                 004AA4 RLA    
__osmaperrno              0046BA RLA    __printf                  00416F RLA    
__seterrno                004421 RLA    _fwrite                   0044C8 RLA    
_ltoa                     0045BE RLA    _main                     00403E RLA    
_printf                   0046DE RLA    _stdout                   004A07 RLA    
_strlen                   004789 RLA    _strlower                 00479F RLA    
_text                     004055 RLA    _ultoa                    0045FF RLA    
_vfprintf                 00484D RLA    _write                    004876 RLA    
addysp                    00442B RLA    axlong                    004438 RLA    
axulong                   00443E RLA    callmain                  004445 RLA    
callmli                   004A5B RLA    ctypemaskdirect           00447E RLA    
decsp4                    004498 RLA    decsp6                    0044A5 RLA    
donelib                   00445C RLA    fdtab                     004A3B RLA    
getfd                     0044B2 RLA    incsp2                    00454B RLA    
incsp6                    004559 RLA    initdostype               004B1A  LAI   
initlib                   004AA4 RLA    ldaxysp                   004560 RLA    
mliparam                  004AD4 RLA    mul8x16                   004682 RLA    
mul8x16a                  00468C RLA    negeax                    004567 RLA    
popax                     004543 RLA    popptr1                   0046D0 RLA    
ptr1                      000088 RLZ    ptr2                      00008A RLZ    
ptr3                      00008C RLZ    ptr4                      00008E RLZ    
push1                     004711 RLA    pusha0                    004718 RLA    
pushax                    00471A RLA    pusheax                   00458E RLA    
pushwysp                  004732 RLA    regbank                   000094 RLZ    
rwcommon                  004759 RLA    rwepilog                  00477C RLA    
rwprolog                  00474C RLA    sp                        000080 RLZ    
sreg                      000082 RLZ    tmp1                      000090 RLZ    
tosudivax                 0047C8 RLA    tosumulax                 00463B RLA    
zerobss                   0048E6 RLA    


Exports list by value:
----------------------
__DESTRUCTOR_COUNT__      000000 REA    __CONSTRUCTOR_COUNT__     000001 REA    
__EXEHDR__                000001 REA    __STARTUP__               000001 REA    
__FILETYPE__              000006 REA    __BSS_SIZE__              000043 REA    
sp                        000080 RLZ    sreg                      000082 RLZ    
ptr1                      000088 RLZ    ptr2                      00008A RLZ    
__ONCE_SIZE__             00008C REA    ptr3                      00008C RLZ    
ptr4                      00008E RLZ    tmp1                      000090 RLZ    
regbank                   000094 RLZ    __STACKSIZE__             000800 REA    
__LCSIZE__                000C00 REA    __MAIN_START__            004000 RLA    
COUT                      004034 RLA    _main                     00403E RLA    
_text                     004055 RLA    __directerrno             004062 RLA    
__mappederrno             00406C RLA    __printf                  00416F RLA    
__seterrno                004421 RLA    addysp                    00442B RLA    
axlong                    004438 RLA    axulong                   00443E RLA    
callmain                  004445 RLA    donelib                   00445C RLA    
ctypemaskdirect           00447E RLA    decsp4                    004498 RLA    
decsp6                    0044A5 RLA    getfd                     0044B2 RLA    
_fwrite                   0044C8 RLA    popax                     004543 RLA    
incsp2                    00454B RLA    incsp6                    004559 RLA    
ldaxysp                   004560 RLA    negeax                    004567 RLA    
pusheax                   00458E RLA    _ltoa                     0045BE RLA    
_ultoa                    0045FF RLA    tosumulax                 00463B RLA    
mul8x16                   004682 RLA    mul8x16a                  00468C RLA    
__osmaperrno              0046BA RLA    popptr1                   0046D0 RLA    
_printf                   0046DE RLA    push1                     004711 RLA    
pusha0                    004718 RLA    pushax                    00471A RLA    
pushwysp                  004732 RLA    rwprolog                  00474C RLA    
rwcommon                  004759 RLA    rwepilog                  00477C RLA    
_strlen                   004789 RLA    _strlower                 00479F RLA    
tosudivax                 0047C8 RLA    _vfprintf                 00484D RLA    
_write                    004876 RLA    zerobss                   0048E6 RLA    
__hextab                  00490D RLA    __longminstr              00491D RLA    
__ctype                   004930 RLA    __ctypeidx                00493B RLA    
__DESTRUCTOR_TABLE__      0049ED RLA    _stdout                   004A07 RLA    
__dos_type                004A3A RLA    fdtab                     004A3B RLA    
callmli                   004A5B RLA    __BSS_RUN__               004AA4 RLA    
__ONCE_LOAD__             004AA4 RLA    __ONCE_RUN__              004AA4 RLA    
__oserror                 004AA4 RLA    initlib                   004AA4 RLA    
__errno                   004AD0 RLA    mliparam                  004AD4 RLA    
initdostype               004B1A  LAI   __CONSTRUCTOR_TABLE__     004B2E RLA    
__MAIN_LAST__             004B30 RLA    __HIMEM__                 009600 REA    
__LCADDR__                00D400 REA    __LC_LAST__               00D400 RLA    
__LC_START__              00D400 RLA    


Imports list:
-------------
COUT (cout.o):
    write.o                   apple2/write.s:9
__BSS_RUN__ ([linker generated]):
    zerobss.o                 common/zerobss.s:8
__BSS_SIZE__ ([linker generated]):
    zerobss.o                 common/zerobss.s:8
__CONSTRUCTOR_COUNT__ ([linker generated]):
    condes.o                  runtime/condes.s:18
__CONSTRUCTOR_TABLE__ ([linker generated]):
    condes.o                  runtime/condes.s:18
__DESTRUCTOR_COUNT__ ([linker generated]):
    condes.o                  runtime/condes.s:19
__DESTRUCTOR_TABLE__ ([linker generated]):
    condes.o                  runtime/condes.s:19
__EXEHDR__ (exehdr.o):
    [linker generated]        /home/pi/github/cc65/cfg/apple2.cfg:7
__FILETYPE__ ([linker generated]):
    exehdr.o                  apple2/exehdr.s:9
__HIMEM__ ([linker generated]):
    [linker generated]        /home/pi/github/cc65/cfg/apple2.cfg:18
    [linker generated]        /home/pi/github/cc65/cfg/apple2.cfg:17
__LCADDR__ ([linker generated]):
    [linker generated]        /home/pi/github/cc65/cfg/apple2.cfg:19
__LCSIZE__ ([linker generated]):
    [linker generated]        /home/pi/github/cc65/cfg/apple2.cfg:19
__LC_LAST__ ([linker generated]):
    crt0.o                    apple2/crt0.s:13
__LC_START__ ([linker generated]):
    crt0.o                    apple2/crt0.s:13
__MAIN_LAST__ ([linker generated]):
    exehdr.o                  apple2/exehdr.s:10
__MAIN_START__ ([linker generated]):
    exehdr.o                  apple2/exehdr.s:10
__ONCE_LOAD__ ([linker generated]):
    crt0.o                    apple2/crt0.s:12
__ONCE_RUN__ ([linker generated]):
    [linker generated]        /home/pi/github/cc65/cfg/apple2.cfg:18
    [linker generated]        /home/pi/github/cc65/cfg/apple2.cfg:18
__ONCE_SIZE__ ([linker generated]):
    crt0.o                    apple2/crt0.s:12
__STACKSIZE__ ([linker generated]):
    [linker generated]        /home/pi/github/cc65/cfg/apple2.cfg:18
__STARTUP__ (crt0.o):
    hello.o                   hello.s:19
__ctype (ctype.o):
    ctypemask.o               common/ctypemask.s:23
__ctypeidx (ctype.o):
    ctypemask.o               common/ctypemask.s:24
__directerrno (_directerrno.o):
    write.o                   /home/pi/github/cc65/asminc/errno.inc:10
__dos_type (dosdetect.o):
    mli.o                     apple2/mli.s:7
__errno (errno.o):
    _seterrno.o               /home/pi/github/cc65/asminc/errno.inc:7
__hextab (_hextab.o):
    ltoa.o                    common/ltoa.s:10
__longminstr (_longminstr.o):
    ltoa.o                    common/ltoa.s:10
__mappederrno (_mappederrno.o):
    rwcommon.o                /home/pi/github/cc65/asminc/errno.inc:10
    write.o                   /home/pi/github/cc65/asminc/errno.inc:10
__oserror (_oserror.o):
    rwcommon.o                /home/pi/github/cc65/asminc/errno.inc:7
    _mappederrno.o            /home/pi/github/cc65/asminc/errno.inc:7
    _directerrno.o            /home/pi/github/cc65/asminc/errno.inc:7
__osmaperrno (oserror.o):
    _mappederrno.o            /home/pi/github/cc65/asminc/errno.inc:8
__printf (_printf.o):
    vfprintf.o                common/vfprintf.s:10
__seterrno (_seterrno.o):
    _mappederrno.o            /home/pi/github/cc65/asminc/errno.inc:9
    _directerrno.o            /home/pi/github/cc65/asminc/errno.inc:9
    fwrite.o                  /home/pi/github/cc65/asminc/errno.inc:9
_fwrite (fwrite.o):
    vfprintf.o                common/vfprintf.s:10
_ltoa (ltoa.o):
    _printf.o                 common/_printf.s:12
_main (hello.o):
    callmain.o                runtime/callmain.s:11
_printf (printf.o):
    hello.o                   hello.s:22
_stdout (_file.o):
    printf.o                  common/printf.s:8
_strlen (strlen.o):
    _printf.o                 common/_printf.s:13
_strlower (strlower.o):
    _printf.o                 common/_printf.s:13
_text (text.o):
    hello.o                   hello.s:23
_ultoa (ltoa.o):
    _printf.o                 common/_printf.s:12
_vfprintf (vfprintf.o):
    printf.o                  common/printf.s:8
_write (write.o):
    fwrite.o                  common/fwrite.s:10
addysp (addysp.o):
    incsp6.o                  runtime/incsp6.s:8
    fwrite.o                  common/fwrite.s:11
    printf.o                  common/printf.s:8
axlong (axlong.o):
    _printf.o                 common/_printf.s:11
axulong (axlong.o):
    _printf.o                 common/_printf.s:11
callmain (callmain.o):
    crt0.o                    apple2/crt0.s:11
callmli (mli.o):
    rwcommon.o                apple2/mli.inc:131
    write.o                   apple2/mli.inc:131
ctypemaskdirect (ctypemask.o):
    strlower.o                common/strlower.s:14
decsp4 (decsp4.o):
    lpush.o                   runtime/lpush.s:12
decsp6 (decsp6.o):
    _printf.o                 common/_printf.s:11
donelib (condes.o):
    crt0.o                    apple2/crt0.s:10
fdtab (filedes.o):
    write.o                   apple2/filedes.inc:13
getfd (filedes.o):
    rwcommon.o                apple2/filedes.inc:14
incsp2 (incsp2.o):
    popptr1.o                 runtime/popptr1.s:8
incsp6 (incsp6.o):
    fwrite.o                  common/fwrite.s:11
    vfprintf.o                common/vfprintf.s:9
initlib (condes.o):
    crt0.o                    apple2/crt0.s:10
ldaxysp (ldaxsp.o):
    fwrite.o                  common/fwrite.s:11
mliparam (mli.o):
    rwcommon.o                apple2/mli.inc:130
    write.o                   apple2/mli.inc:130
mul8x16 (mul8.o):
    mul.o                     runtime/mul.s:8
mul8x16a (mul8.o):
    mul.o                     runtime/mul.s:8
negeax (lneg.o):
    ltoa.o                    common/ltoa.s:9
popax (incsp2.o):
    rwcommon.o                apple2/rwcommon.s:6
    ltoa.o                    common/ltoa.s:9
    _printf.o                 common/_printf.s:11
popptr1 (popptr1.o):
    rwcommon.o                apple2/rwcommon.s:6
    udiv.o                    runtime/udiv.s:9
    mul8.o                    runtime/mul8.s:9
    mul.o                     runtime/mul.s:9
    ltoa.o                    common/ltoa.s:9
ptr1 (zeropage.o):
    rwcommon.o                /home/pi/github/cc65/asminc/zeropage.inc:12
    write.o                   /home/pi/github/cc65/asminc/zeropage.inc:12
    udiv.o                    runtime/udiv.s:10
    strlower.o                common/strlower.s:13
    popptr1.o                 runtime/popptr1.s:9
    mul8.o                    runtime/mul8.s:10
    mul.o                     runtime/mul.s:10
    ltoa.o                    common/ltoa.s:11
    fwrite.o                  common/fwrite.s:14
    _printf.o                 /home/pi/github/cc65/asminc/zeropage.inc:12
    zerobss.o                 common/zerobss.s:9
    vfprintf.o                common/vfprintf.s:11
    printf.o                  common/printf.s:9
ptr2 (zeropage.o):
    rwcommon.o                /home/pi/github/cc65/asminc/zeropage.inc:12
    write.o                   /home/pi/github/cc65/asminc/zeropage.inc:12
    strlower.o                common/strlower.s:13
    strlen.o                  common/strlen.s:12
    ltoa.o                    common/ltoa.s:11
    _printf.o                 /home/pi/github/cc65/asminc/zeropage.inc:12
ptr3 (zeropage.o):
    ltoa.o                    common/ltoa.s:11
ptr4 (zeropage.o):
    udiv.o                    runtime/udiv.s:10
    mul8.o                    runtime/mul8.s:10
    mul.o                     runtime/mul.s:10
push1 (push1.o):
    _printf.o                 common/_printf.s:11
    vfprintf.o                common/vfprintf.s:9
pusha0 (pushax.o):
    push1.o                   runtime/push1.s:8
pushax (pushax.o):
    fwrite.o                  common/fwrite.s:11
    callmain.o                runtime/callmain.s:11
    _printf.o                 common/_printf.s:11
    printf.o                  common/printf.s:8
    hello.o                   hello.s:69
pusheax (lpush.o):
    _printf.o                 common/_printf.s:11
pushwysp (pushwsp.o):
    fwrite.o                  common/fwrite.s:11
    vfprintf.o                common/vfprintf.s:9
regbank (zeropage.o):
    _printf.o                 /home/pi/github/cc65/asminc/zeropage.inc:14
rwcommon (rwcommon.o):
    write.o                   apple2/write.s:8
rwepilog (rwcommon.o):
    write.o                   apple2/write.s:8
rwprolog (rwcommon.o):
    write.o                   apple2/write.s:8
sp (zeropage.o):
    decsp4.o                  runtime/decsp4.s:8
    pushwsp.o                 runtime/pushwsp.s:8
    popptr1.o                 runtime/popptr1.s:9
    lpush.o                   runtime/lpush.s:13
    ldaxsp.o                  runtime/ldaxsp.s:8
    incsp2.o                  runtime/incsp2.s:8
    decsp6.o                  runtime/decsp6.s:8
    addysp.o                  runtime/addysp.s:8
    _printf.o                 /home/pi/github/cc65/asminc/zeropage.inc:11
    vfprintf.o                common/vfprintf.s:11
    pushax.o                  runtime/pushax.s:8
    printf.o                  common/printf.s:9
    crt0.o                    /home/pi/github/cc65/asminc/zeropage.inc:11
sreg (zeropage.o):
    lneg.o                    runtime/lneg.s:11
    udiv.o                    runtime/udiv.s:10
    ltoa.o                    common/ltoa.s:11
    lpush.o                   runtime/lpush.s:13
    axlong.o                  runtime/axlong.s:9
    _printf.o                 /home/pi/github/cc65/asminc/zeropage.inc:11
tmp1 (zeropage.o):
    mul.o                     runtime/mul.s:10
    ltoa.o                    common/ltoa.s:11
    _printf.o                 /home/pi/github/cc65/asminc/zeropage.inc:13
tosudivax (udiv.o):
    fwrite.o                  common/fwrite.s:12
tosumulax (mul.o):
    fwrite.o                  common/fwrite.s:12
zerobss (zerobss.o):
    crt0.o                    apple2/crt0.s:11

